#-----------------------------------------------------------
# Vivado v2021.2 (64-bit)
# SW Build 3367213 on Tue Oct 19 02:48:09 MDT 2021
# IP Build 3369179 on Thu Oct 21 08:25:16 MDT 2021
# Start of session at: Mon Mar  7 18:09:42 2022
# Process ID: 12356
# Current directory: C:/Users/Gamerpcen/OneDrive - Danmarks Tekniske Universitet/Dokumenter/GitHub/Fagprojekt2022_Grp9/project_4/project_4.runs/impl_1
# Command line: vivado.exe -log adc.vdi -applog -product Vivado -messageDb vivado.pb -mode batch -source adc.tcl -notrace
# Log file: C:/Users/Gamerpcen/OneDrive - Danmarks Tekniske Universitet/Dokumenter/GitHub/Fagprojekt2022_Grp9/project_4/project_4.runs/impl_1/adc.vdi
# Journal file: C:/Users/Gamerpcen/OneDrive - Danmarks Tekniske Universitet/Dokumenter/GitHub/Fagprojekt2022_Grp9/project_4/project_4.runs/impl_1\vivado.jou
# Running On: DESKTOP-K43AEQ4, OS: Windows, CPU Frequency: 3793 MHz, CPU Physical cores: 12, Host memory: 17113 MB
#-----------------------------------------------------------
source adc.tcl -notrace
